

================================================================
== Synthesis Summary Report of 'chain_top'
================================================================
+ General Information: 
    * Date:           Tue Apr 21 20:15:06 2026
    * Version:        2024.1 (Build 5069499 on May 21 2024)
    * Project:        chain_top
    * Solution:       hls (Vivado IP Flow Target)
    * Product family: zynquplus
    * Target device:  xczu3eg-sfvc784-2-e
    

+ Performance & Resource Estimates: 
    
    PS: '+' for module; 'o' for loop; '*' for dataflow
    +-----------------------------------+------+------+---------+-----------+----------+---------+------+----------+---------+---------+-----------+-----------+-----+
    |              Modules              | Issue|      | Latency |  Latency  | Iteration|         | Trip |          |         |         |           |           |     |
    |              & Loops              | Type | Slack| (cycles)|    (ns)   |  Latency | Interval| Count| Pipelined|  BRAM   |   DSP   |     FF    |    LUT    | URAM|
    +-----------------------------------+------+------+---------+-----------+----------+---------+------+----------+---------+---------+-----------+-----------+-----+
    |+ chain_top*                       |     -|  0.00|     1469|  1.469e+04|         -|      493|     -|  dataflow|  19 (4%)|  12 (3%)|  3134 (2%)|  3911 (5%)|    -|
    | + entry_proc                      |     -|  5.46|        0|      0.000|         -|        0|     -|        no|        -|        -|    2 (~0%)|   65 (~0%)|    -|
    | + do_distortion                   |     -|  0.00|      491|  4.910e+03|         -|      491|     -|        no|        -|  2 (~0%)|  281 (~0%)|  291 (~0%)|    -|
    |  o DIST_LOOP                      |     -|  7.30|      489|  4.890e+03|        11|        1|   480|       yes|        -|        -|          -|          -|    -|
    | + do_tremolo                      |     -|  0.77|      484|  4.840e+03|         -|      484|     -|        no|  1 (~0%)|   4 (1%)|  261 (~0%)|  479 (~0%)|    -|
    |  + do_tremolo_Pipeline_TREM_LOOP  |     -|  0.77|      483|  4.830e+03|         -|      483|     -|        no|  1 (~0%)|   4 (1%)|  144 (~0%)|  326 (~0%)|    -|
    |   o TREM_LOOP                     |     -|  7.30|      481|  4.810e+03|         3|        1|   480|       yes|        -|        -|          -|          -|    -|
    | + do_delay                        |     -|  0.00|      492|  4.920e+03|         -|      492|     -|        no|  14 (3%)|   6 (1%)|  711 (~0%)|  1145 (1%)|    -|
    |  + do_delay_Pipeline_DELAY_LOOP   |     -|  0.00|      484|  4.840e+03|         -|      484|     -|        no|  14 (3%)|   6 (1%)|  494 (~0%)|  694 (~0%)|    -|
    |   o DELAY_LOOP                    |     -|  7.30|      482|  4.820e+03|         4|        1|   480|       yes|        -|        -|          -|          -|    -|
    +-----------------------------------+------+------+---------+-----------+----------+---------+------+----------+---------+---------+-----------+-----------+-----+


================================================================
== HW Interfaces
================================================================
* M_AXI
+-----------+------------+------------+---------------+---------+--------+----------+-----------+--------------+--------------+-------------+-------------+-------------------+
| Interface | Read/Write | Data Width | Address Width | Latency | Offset | Register | Max Widen | Max Read     | Max Write    | Num Read    | Num Write   | Resource Estimate |
|           |            | (SW->HW)   |               |         |        |          | Bitwidth  | Burst Length | Burst Length | Outstanding | Outstanding |                   |
+-----------+------------+------------+---------------+---------+--------+----------+-----------+--------------+--------------+-------------+-------------+-------------------+
| m_axi_MEM | READ_WRITE | 16 -> 16   | 64            | 0       | slave  | 0        | 0         | 16           | 16           | 16          | 16          | BRAM=2            |
+-----------+------------+------------+---------------+---------+--------+----------+-----------+--------------+--------------+-------------+-------------+-------------------+

* S_AXILITE Interfaces
+---------------+------------+---------------+--------+----------+
| Interface     | Data Width | Address Width | Offset | Register |
+---------------+------------+---------------+--------+----------+
| s_axi_CTRL    | 32         | 6             | 16     | 0        |
| s_axi_control | 32         | 6             | 16     | 0        |
+---------------+------------+---------------+--------+----------+

* S_AXILITE Registers
+---------------+----------------+--------+-------+--------+----------------------------------+----------------------------------------------------------------------+
| Interface     | Register       | Offset | Width | Access | Description                      | Bit Fields                                                           |
+---------------+----------------+--------+-------+--------+----------------------------------+----------------------------------------------------------------------+
| s_axi_CTRL    | CTRL           | 0x00   | 32    | RW     | Control signals                  | 0=AP_START 1=AP_DONE 2=AP_IDLE 3=AP_READY 7=AUTO_RESTART 9=INTERRUPT |
| s_axi_CTRL    | GIER           | 0x04   | 32    | RW     | Global Interrupt Enable Register | 0=Enable                                                             |
| s_axi_CTRL    | IP_IER         | 0x08   | 32    | RW     | IP Interrupt Enable Register     | 0=CHAN0_INT_EN 1=CHAN1_INT_EN                                        |
| s_axi_CTRL    | IP_ISR         | 0x0c   | 32    | RW     | IP Interrupt Status Register     | 0=CHAN0_INT_ST 1=CHAN1_INT_ST                                        |
| s_axi_CTRL    | dist_gain      | 0x10   | 32    | W      | Data signal of dist_gain         |                                                                      |
| s_axi_CTRL    | trem_rate_step | 0x18   | 32    | W      | Data signal of trem_rate_step    |                                                                      |
| s_axi_CTRL    | trem_depth_q15 | 0x20   | 32    | W      | Data signal of trem_depth_q15    |                                                                      |
| s_axi_CTRL    | delay_n        | 0x28   | 32    | W      | Data signal of delay_n           |                                                                      |
| s_axi_CTRL    | feedback_q15   | 0x30   | 32    | W      | Data signal of feedback_q15      |                                                                      |
| s_axi_CTRL    | mix_q15        | 0x38   | 32    | W      | Data signal of mix_q15           |                                                                      |
| s_axi_control | in_samples_1   | 0x10   | 32    | W      | Data signal of in_samples        |                                                                      |
| s_axi_control | in_samples_2   | 0x14   | 32    | W      | Data signal of in_samples        |                                                                      |
| s_axi_control | out_samples_1  | 0x1c   | 32    | W      | Data signal of out_samples       |                                                                      |
| s_axi_control | out_samples_2  | 0x20   | 32    | W      | Data signal of out_samples       |                                                                      |
+---------------+----------------+--------+-------+--------+----------------------------------+----------------------------------------------------------------------+

* TOP LEVEL CONTROL
+-----------+------------+-----------+
| Interface | Type       | Ports     |
+-----------+------------+-----------+
| ap_clk    | clock      | ap_clk    |
| ap_rst_n  | reset      | ap_rst_n  |
| interrupt | interrupt  | interrupt |
| ap_ctrl   | ap_ctrl_hs |           |
+-----------+------------+-----------+


================================================================
== SW I/O Information
================================================================
* Top Function Arguments
+----------------+-----------+-------------+
| Argument       | Direction | Datatype    |
+----------------+-----------+-------------+
| in_samples     | inout     | ap_int<16>* |
| out_samples    | inout     | ap_int<16>* |
| dist_gain      | in        | int         |
| trem_rate_step | in        | int         |
| trem_depth_q15 | in        | int         |
| delay_n        | in        | int         |
| feedback_q15   | in        | int         |
| mix_q15        | in        | int         |
+----------------+-----------+-------------+

* SW-to-HW Mapping
+----------------+---------------+-----------+----------+------------------------------------------+
| Argument       | HW Interface  | HW Type   | HW Usage | HW Info                                  |
+----------------+---------------+-----------+----------+------------------------------------------+
| in_samples     | m_axi_MEM     | interface |          | channel=0                                |
| in_samples     | s_axi_control | register  | offset   | name=in_samples_1 offset=0x10 range=32   |
| in_samples     | s_axi_control | register  | offset   | name=in_samples_2 offset=0x14 range=32   |
| out_samples    | m_axi_MEM     | interface |          | channel=0                                |
| out_samples    | s_axi_control | register  | offset   | name=out_samples_1 offset=0x1c range=32  |
| out_samples    | s_axi_control | register  | offset   | name=out_samples_2 offset=0x20 range=32  |
| dist_gain      | s_axi_CTRL    | register  |          | name=dist_gain offset=0x10 range=32      |
| trem_rate_step | s_axi_CTRL    | register  |          | name=trem_rate_step offset=0x18 range=32 |
| trem_depth_q15 | s_axi_CTRL    | register  |          | name=trem_depth_q15 offset=0x20 range=32 |
| delay_n        | s_axi_CTRL    | register  |          | name=delay_n offset=0x28 range=32        |
| feedback_q15   | s_axi_CTRL    | register  |          | name=feedback_q15 offset=0x30 range=32   |
| mix_q15        | s_axi_CTRL    | register  |          | name=mix_q15 offset=0x38 range=32        |
+----------------+---------------+-----------+----------+------------------------------------------+


================================================================
== M_AXI Burst Information
================================================================
 Note: All burst requests might be further partitioned into multiple requests during RTL generation based on max_read_burst_length or max_write_burst_length settings.

* Inferred Burst Summary
+--------------+-----------+--------+-------+------------+---------------------------------------------------------------------------------------+
| HW Interface | Direction | Length | Width | Loop       | Loop Location                                                                         |
+--------------+-----------+--------+-------+------------+---------------------------------------------------------------------------------------+
| m_axi_MEM    | read      | 480    | 16    | DIST_LOOP  | ../../../Downloads/EECE4632-Project/vitis_hls/build2_dataflow/audio_effects.cpp:34:16 |
| m_axi_MEM    | write     | 480    | 16    | DELAY_LOOP | ../../../Downloads/EECE4632-Project/vitis_hls/build2_dataflow/audio_effects.cpp:67:17 |
+--------------+-----------+--------+-------+------------+---------------------------------------------------------------------------------------+

* All M_AXI Variable Accesses
+--------------+----------+---------------------------------------------------------------------------------------+-----------+--------------+--------+------------+---------------------------------------------------------------------------------------+------------+-------------------------------------------------------------------------------------------------------+
| HW Interface | Variable | Access Location                                                                       | Direction | Burst Status | Length | Loop       | Loop Location                                                                         | Resolution | Problem                                                                                               |
+--------------+----------+---------------------------------------------------------------------------------------+-----------+--------------+--------+------------+---------------------------------------------------------------------------------------+------------+-------------------------------------------------------------------------------------------------------+
| m_axi_MEM    | in       | ../../../Downloads/EECE4632-Project/vitis_hls/build2_dataflow/audio_effects.cpp:36:12 | read      | Widen Fail   |        | DIST_LOOP  | ../../../Downloads/EECE4632-Project/vitis_hls/build2_dataflow/audio_effects.cpp:34:16 | 214-353    | Could not widen since type i16 size is greater than or equal to the max_widen_bitwidth threshold of 0 |
| m_axi_MEM    | in       | ../../../Downloads/EECE4632-Project/vitis_hls/build2_dataflow/audio_effects.cpp:36:12 | read      | Inferred     | 480    | DIST_LOOP  | ../../../Downloads/EECE4632-Project/vitis_hls/build2_dataflow/audio_effects.cpp:34:16 |            |                                                                                                       |
| m_axi_MEM    | out      | ../../../Downloads/EECE4632-Project/vitis_hls/build2_dataflow/audio_effects.cpp:78:16 | write     | Widen Fail   |        | DELAY_LOOP | ../../../Downloads/EECE4632-Project/vitis_hls/build2_dataflow/audio_effects.cpp:67:17 | 214-353    | Could not widen since type i16 size is greater than or equal to the max_widen_bitwidth threshold of 0 |
| m_axi_MEM    | out      | ../../../Downloads/EECE4632-Project/vitis_hls/build2_dataflow/audio_effects.cpp:78:16 | write     | Inferred     | 480    | DELAY_LOOP | ../../../Downloads/EECE4632-Project/vitis_hls/build2_dataflow/audio_effects.cpp:67:17 |            |                                                                                                       |
+--------------+----------+---------------------------------------------------------------------------------------+-----------+--------------+--------+------------+---------------------------------------------------------------------------------------+------------+-------------------------------------------------------------------------------------------------------+

    * Resolution URL: docs.xilinx.com/access/sources/dita/topic?Doc_Version=2024.1%20English&url=ug1448-hls-guidance&resourceid=XXX-YYY.html (replace XXX-YYY with column value)

================================================================
== Bind Op Report
================================================================
+-----------------------------------+-----+--------+---------------+--------+----------+---------+
| Name                              | DSP | Pragma | Variable      | Op     | Impl     | Latency |
+-----------------------------------+-----+--------+---------------+--------+----------+---------+
| + chain_top                       | 12  |        |               |        |          |         |
|  + do_distortion                  | 2   |        |               |        |          |         |
|    first_iter_0_fu_125_p2         |     |        | first_iter_0  | seteq  | auto     | 0       |
|    mul_16s_32s_32_1_1_U13         | 2   |        | d             | mul    | auto     | 0       |
|    icmp_ln37_fu_186_p2            |     |        | icmp_ln37     | setgt  | auto     | 0       |
|    icmp_ln38_fu_192_p2            |     |        | icmp_ln38     | setlt  | auto     | 0       |
|    select_ln39_fu_202_p3          |     |        | select_ln39   | select | auto_sel | 0       |
|    or_ln39_fu_210_p2              |     |        | or_ln39       | or     | auto     | 0       |
|    select_ln39_1_fu_216_p3        |     |        | select_ln39_1 | select | auto_sel | 0       |
|    i_fu_131_p2                    |     |        | i             | add    | fabric   | 0       |
|    icmp_ln34_fu_137_p2            |     |        | icmp_ln34     | seteq  | auto     | 0       |
|  + do_tremolo                     | 4   |        |               |        |          |         |
|    sub_fu_75_p2                   |     |        | sub           | sub    | fabric   | 0       |
|    cmp16_fu_82_p2                 |     |        | cmp16         | seteq  | auto     | 0       |
|   + do_tremolo_Pipeline_TREM_LOOP | 4   |        |               |        |          |         |
|     add_ln49_fu_225_p2            |     |        | add_ln49      | add    | fabric   | 0       |
|     mul_32s_15ns_47_1_1_U19       | 2   |        | mul_ln50      | mul    | auto     | 0       |
|     gq_fu_256_p2                  |     |        | gq            | add    | fabric   | 0       |
|     mul_32s_16s_47_1_1_U20        | 2   |        | mul_ln51      | mul    | auto     | 0       |
|     icmp_ln52_fu_289_p2           |     |        | icmp_ln52     | setgt  | auto     | 0       |
|     icmp_ln53_fu_295_p2           |     |        | icmp_ln53     | setlt  | auto     | 0       |
|     select_ln54_fu_311_p3         |     |        | select_ln54   | select | auto_sel | 0       |
|     or_ln54_fu_319_p2             |     |        | or_ln54       | or     | auto     | 0       |
|     select_ln54_1_fu_325_p3       |     |        | select_ln54_1 | select | auto_sel | 0       |
|     select_ln54_2_fu_333_p3       |     |        | select_ln54_2 | select | auto_sel | 0       |
|     add_ln55_fu_197_p2            |     |        | add_ln55      | add    | fabric   | 0       |
|     i_fu_203_p2                   |     |        | i             | add    | fabric   | 0       |
|     icmp_ln47_fu_209_p2           |     |        | icmp_ln47     | seteq  | auto     | 0       |
|  + do_delay                       | 6   |        |               |        |          |         |
|    icmp_ln65_fu_136_p2            |     |        | icmp_ln65     | setlt  | auto     | 0       |
|    icmp_ln65_1_fu_142_p2          |     |        | icmp_ln65_1   | setgt  | auto     | 0       |
|    select_ln65_fu_148_p3          |     |        | select_ln65   | select | auto_sel | 0       |
|    or_ln65_fu_156_p2              |     |        | or_ln65       | or     | auto     | 0       |
|    dn_fu_162_p3                   |     |        | dn            | select | auto_sel | 0       |
|    sub12_fu_190_p2                |     |        | sub12         | sub    | fabric   | 0       |
|    cmp24_fu_196_p2                |     |        | cmp24         | seteq  | auto     | 0       |
|   + do_delay_Pipeline_DELAY_LOOP  | 6   |        |               |        |          |         |
|     rp_fu_262_p2                  |     |        | rp            | sub    | fabric   | 0       |
|     add_ln71_fu_279_p2            |     |        | add_ln71      | add    | fabric   | 0       |
|     rp_1_fu_285_p3                |     |        | rp_1          | select | auto_sel | 0       |
|     mul_32s_16s_47_1_1_U35        | 2   |        | mul_ln73      | mul    | auto     | 0       |
|     mul_32s_16s_47_1_1_U36        | 2   |        | mul_ln74      | mul    | auto     | 0       |
|     s_fu_375_p2                   |     |        | s             | add    | fabric   | 0       |
|     icmp_ln76_fu_391_p2           |     |        | icmp_ln76     | setgt  | auto     | 0       |
|     icmp_ln77_fu_397_p2           |     |        | icmp_ln77     | setlt  | auto     | 0       |
|     select_ln78_fu_407_p3         |     |        | select_ln78   | select | auto_sel | 0       |
|     or_ln78_fu_415_p2             |     |        | or_ln78       | or     | auto     | 0       |
|     select_ln78_1_fu_421_p3       |     |        | select_ln78_1 | select | auto_sel | 0       |
|     select_ln78_2_fu_493_p3       |     |        | select_ln78_2 | select | auto_sel | 0       |
|     mul_32s_16s_47_1_1_U37        | 2   |        | mul_ln79      | mul    | auto     | 0       |
|     fb_fu_439_p2                  |     |        | fb            | add    | fabric   | 0       |
|     icmp_ln80_fu_455_p2           |     |        | icmp_ln80     | setgt  | auto     | 0       |
|     icmp_ln81_fu_461_p2           |     |        | icmp_ln81     | setlt  | auto     | 0       |
|     select_ln82_fu_471_p3         |     |        | select_ln82   | select | auto_sel | 0       |
|     or_ln82_fu_479_p2             |     |        | or_ln82       | or     | auto     | 0       |
|     select_ln82_1_fu_485_p3       |     |        | select_ln82_1 | select | auto_sel | 0       |
|     add_ln83_fu_298_p2            |     |        | add_ln83      | add    | fabric   | 0       |
|     icmp_ln83_fu_304_p2           |     |        | icmp_ln83     | setgt  | auto     | 0       |
|     select_ln83_fu_310_p3         |     |        | select_ln83   | select | auto_sel | 0       |
|     i_fu_318_p2                   |     |        | i             | add    | fabric   | 0       |
|     icmp_ln67_fu_324_p2           |     |        | icmp_ln67     | seteq  | auto     | 0       |
+-----------------------------------+-----+--------+---------------+--------+----------+---------+


================================================================
== Storage Report
================================================================
+-----------------------------------+----------------+-------------+------+------+--------+------------------+------+---------+------------------+
| Name                              | Usage          | Type        | BRAM | URAM | Pragma | Variable         | Impl | Latency | Bitwidth, Depth, |
|                                   |                |             |      |      |        |                  |      |         | Banks            |
+-----------------------------------+----------------+-------------+------+------+--------+------------------+------+---------+------------------+
| + chain_top                       |                |             | 19   | 0    |        |                  |      |         |                  |
|   CTRL_s_axi_U                    | interface      | s_axilite   |      |      |        |                  |      |         |                  |
|   control_s_axi_U                 | interface      | s_axilite   |      |      |        |                  |      |         |                  |
|   MEM_m_axi_U                     | interface      | m_axi       | 2    |      |        |                  |      |         |                  |
|   out_samples_c_U                 | fifo channel   | scalar prop |      |      |        | out_samples_c    | srl  | 0       | 64, 4, 1         |
|   trem_rate_step_c_U              | fifo channel   | scalar prop |      |      |        | trem_rate_step_c | srl  | 0       | 32, 3, 1         |
|   trem_depth_q15_c_U              | fifo channel   | scalar prop |      |      |        | trem_depth_q15_c | srl  | 0       | 32, 3, 1         |
|   delay_n_c_U                     | fifo channel   | scalar prop |      |      |        | delay_n_c        | srl  | 0       | 32, 4, 1         |
|   feedback_q15_c_U                | fifo channel   | scalar prop |      |      |        | feedback_q15_c   | srl  | 0       | 32, 4, 1         |
|   mix_q15_c_U                     | fifo channel   | scalar prop |      |      |        | mix_q15_c        | srl  | 0       | 32, 4, 1         |
|   mid1_U                          | ram_1p channel | pipo        | 1    |      |        | mid1             | auto | 1       | 16, 480, 2       |
|   mid2_U                          | ram_1p channel | pipo        | 1    |      |        | mid2             | auto | 1       | 16, 480, 2       |
|  + do_tremolo                     |                |             | 1    | 0    |        |                  |      |         |                  |
|   + do_tremolo_Pipeline_TREM_LOOP |                |             | 1    | 0    |        |                  |      |         |                  |
|     SIN_LUT64_U                   | rom_1p         |             | 1    |      |        | SIN_LUT64        | auto | 1       | 16, 64, 1        |
|  + do_delay                       |                |             | 14   | 0    |        |                  |      |         |                  |
|   + do_delay_Pipeline_DELAY_LOOP  |                |             | 14   | 0    |        |                  |      |         |                  |
|     delay_buf_U                   | ram_2p         |             | 14   |      | pragma | delay_buf        | bram | 1       | 16, 12000, 1     |
+-----------------------------------+----------------+-------------+------+------+--------+------------------+------+---------+------------------+


================================================================
== Pragma Report
================================================================
* Pragmas with Warnings
+----------+-------------------------------------+-----------------------------------------------------------------------------------------------------------+----------------------------------------------------------------------------+
| Type     | Options                             | Location                                                                                                  | Messages                                                                   |
+----------+-------------------------------------+-----------------------------------------------------------------------------------------------------------+----------------------------------------------------------------------------+
| resource | variable=delay_buf core=RAM_2P_BRAM | ../../../Downloads/EECE4632-Project/vitis_hls/build2_dataflow/audio_effects.cpp:63 in do_delay, delay_buf | 'Resource pragma' is deprecated, use 'bind_op/bind_storage pragma' instead |
+----------+-------------------------------------+-----------------------------------------------------------------------------------------------------------+----------------------------------------------------------------------------+

* Valid Pragma Syntax
+------------+----------------------------------------------------------+-----------------------------------------------------------------------------------------------------------------+
| Type       | Options                                                  | Location                                                                                                        |
+------------+----------------------------------------------------------+-----------------------------------------------------------------------------------------------------------------+
| pipeline   | II=1                                                     | ../../../Downloads/EECE4632-Project/vitis_hls/build2_dataflow/audio_effects.cpp:35 in do_distortion             |
| pipeline   | II=1                                                     | ../../../Downloads/EECE4632-Project/vitis_hls/build2_dataflow/audio_effects.cpp:48 in do_tremolo                |
| pipeline   |                                                          | ../../../Downloads/EECE4632-Project/vitis_hls/build2_dataflow/audio_effects.cpp:68 in do_delay                  |
| dependence | variable=delay_buf inter false                           | ../../../Downloads/EECE4632-Project/vitis_hls/build2_dataflow/audio_effects.cpp:69 in do_delay, delay_buf       |
| interface  | s_axilite port=return bundle=CTRL                        | ../../../Downloads/EECE4632-Project/vitis_hls/build2_dataflow/audio_effects.cpp:95 in chain_top, return         |
| interface  | s_axilite port=dist_gain bundle=CTRL                     | ../../../Downloads/EECE4632-Project/vitis_hls/build2_dataflow/audio_effects.cpp:96 in chain_top, dist_gain      |
| interface  | s_axilite port=trem_rate_step bundle=CTRL                | ../../../Downloads/EECE4632-Project/vitis_hls/build2_dataflow/audio_effects.cpp:97 in chain_top, trem_rate_step |
| interface  | s_axilite port=trem_depth_q15 bundle=CTRL                | ../../../Downloads/EECE4632-Project/vitis_hls/build2_dataflow/audio_effects.cpp:98 in chain_top, trem_depth_q15 |
| interface  | s_axilite port=delay_n bundle=CTRL                       | ../../../Downloads/EECE4632-Project/vitis_hls/build2_dataflow/audio_effects.cpp:99 in chain_top, delay_n        |
| interface  | s_axilite port=feedback_q15 bundle=CTRL                  | ../../../Downloads/EECE4632-Project/vitis_hls/build2_dataflow/audio_effects.cpp:100 in chain_top, feedback_q15  |
| interface  | s_axilite port=mix_q15 bundle=CTRL                       | ../../../Downloads/EECE4632-Project/vitis_hls/build2_dataflow/audio_effects.cpp:101 in chain_top, mix_q15       |
| interface  | m_axi depth=480 port=in_samples offset=slave bundle=MEM  | ../../../Downloads/EECE4632-Project/vitis_hls/build2_dataflow/audio_effects.cpp:102 in chain_top, in_samples    |
| interface  | m_axi depth=480 port=out_samples offset=slave bundle=MEM | ../../../Downloads/EECE4632-Project/vitis_hls/build2_dataflow/audio_effects.cpp:103 in chain_top, out_samples   |
| dataflow   |                                                          | ../../../Downloads/EECE4632-Project/vitis_hls/build2_dataflow/audio_effects.cpp:104 in chain_top                |
+------------+----------------------------------------------------------+-----------------------------------------------------------------------------------------------------------------+


